src/app/api/api-governance/apis/route.ts(5,29): error TS2339: Property 'enterpriseApi' does not exist on type 'PrismaClient<PrismaClientOptions, never, DefaultArgs>'.
src/app/api/api-governance/consumers/route.ts(5,34): error TS2339: Property 'apiConsumer' does not exist on type 'PrismaClient<PrismaClientOptions, never, DefaultArgs>'.
src/app/api/api-governance/providers/route.ts(5,34): error TS2339: Property 'apiProvider' does not exist on type 'PrismaClient<PrismaClientOptions, never, DefaultArgs>'.
src/app/api/change/approvals/route.ts(17,36): error TS2339: Property 'changeApproval' does not exist on type 'PrismaClient<PrismaClientOptions, never, DefaultArgs>'.
src/app/api/change/calendar/route.ts(21,33): error TS2339: Property 'changeCalendarEvent' does not exist on type 'PrismaClient<PrismaClientOptions, never, DefaultArgs>'.
src/app/api/change/impact/route.ts(17,33): error TS2339: Property 'changeImpactAssessment' does not exist on type 'PrismaClient<PrismaClientOptions, never, DefaultArgs>'.
src/app/api/change/requests/route.ts(21,35): error TS2551: Property 'operationalChange' does not exist on type 'PrismaClient<PrismaClientOptions, never, DefaultArgs>'. Did you mean 'operationalPlan'?
src/app/api/event-streaming/events/route.ts(5,31): error TS2339: Property 'enterpriseEvent' does not exist on type 'PrismaClient<PrismaClientOptions, never, DefaultArgs>'.
src/app/api/governance/assessments/route.ts(21,38): error TS2551: Property 'governanceAssessment' does not exist on type 'PrismaClient<PrismaClientOptions, never, DefaultArgs>'. Did you mean 'governanceEvent'?
src/app/api/governance/exceptions/route.ts(21,37): error TS2339: Property 'policyException' does not exist on type 'PrismaClient<PrismaClientOptions, never, DefaultArgs>'.
src/app/api/governance/policies/route.ts(21,35): error TS2339: Property 'governancePolicy' does not exist on type 'PrismaClient<PrismaClientOptions, never, DefaultArgs>'.
src/app/api/governance/risks/route.ts(21,32): error TS2339: Property 'riskRegister' does not exist on type 'PrismaClient<PrismaClientOptions, never, DefaultArgs>'.
src/app/api/incidents/active/route.ts(24,33): error TS2551: Property 'operationalIncident' does not exist on type 'PrismaClient<PrismaClientOptions, never, DefaultArgs>'. Did you mean 'operationalIntent'?
src/app/api/intelligence/initiatives/route.ts(7,38): error TS2339: Property 'strategicInitiative' does not exist on type 'PrismaClient<PrismaClientOptions, never, DefaultArgs>'.
src/app/api/intelligence/insights/route.ts(7,35): error TS2551: Property 'operationalInsight' does not exist on type 'PrismaClient<PrismaClientOptions, never, DefaultArgs>'. Did you mean 'operationalIntent'?
src/app/api/knowledge/coverage/route.ts(5,33): error TS2339: Property 'knowledgeCoverage' does not exist on type 'PrismaClient<PrismaClientOptions, never, DefaultArgs>'.
src/app/api/observability/retention/route.ts(5,34): error TS2339: Property 'telemetryRetention' does not exist on type 'PrismaClient<PrismaClientOptions, never, DefaultArgs>'.
src/app/api/platform/catalog/route.ts(21,34): error TS2339: Property 'serviceCatalog' does not exist on type 'PrismaClient<PrismaClientOptions, never, DefaultArgs>'.
src/app/api/platform/policies/route.ts(21,35): error TS2339: Property 'resourcePolicy' does not exist on type 'PrismaClient<PrismaClientOptions, never, DefaultArgs>'.
src/app/api/platform/requests/route.ts(21,35): error TS2339: Property 'provisioningRequest' does not exist on type 'PrismaClient<PrismaClientOptions, never, DefaultArgs>'.
src/app/api/platform/resources/route.ts(21,36): error TS2339: Property 'platformResource' does not exist on type 'PrismaClient<PrismaClientOptions, never, DefaultArgs>'.
src/app/api/portfolio/objectives/route.ts(5,35): error TS2339: Property 'portfolioObjective' does not exist on type 'PrismaClient<PrismaClientOptions, never, DefaultArgs>'.
src/app/api/reliability/budgets/route.ts(17,33): error TS2339: Property 'errorBudgetLedger' does not exist on type 'PrismaClient<PrismaClientOptions, never, DefaultArgs>'.
src/app/api/reliability/forecast/route.ts(17,35): error TS2551: Property 'reliabilityForecast' does not exist on type 'PrismaClient<PrismaClientOptions, never, DefaultArgs>'. Did you mean 'reliabilityTreaty'?
src/app/api/reliability/slis/route.ts(17,31): error TS2339: Property 'serviceLevelIndicator' does not exist on type 'PrismaClient<PrismaClientOptions, never, DefaultArgs>'.
src/app/api/reliability/slos/route.ts(21,31): error TS2339: Property 'serviceLevelObjective' does not exist on type 'PrismaClient<PrismaClientOptions, never, DefaultArgs>'.
src/app/api/service-management/approvals/route.ts(21,36): error TS2339: Property 'serviceApproval' does not exist on type 'PrismaClient<PrismaClientOptions, never, DefaultArgs>'.
src/app/api/service-management/history/route.ts(21,34): error TS2339: Property 'serviceRequest' does not exist on type 'PrismaClient<PrismaClientOptions, never, DefaultArgs>'.
src/app/api/service-management/knowledge/route.ts(21,36): error TS2339: Property 'serviceKnowledge' does not exist on type 'PrismaClient<PrismaClientOptions, never, DefaultArgs>'.
src/app/api/service-management/queues/route.ts(21,33): error TS2339: Property 'serviceQueue' does not exist on type 'PrismaClient<PrismaClientOptions, never, DefaultArgs>'.
src/app/api/topology/business-capabilities/route.ts(7,39): error TS2339: Property 'businessCapability' does not exist on type 'PrismaClient<PrismaClientOptions, never, DefaultArgs>'.
src/app/api/topology/microservices/route.ts(7,40): error TS2339: Property 'microservice' does not exist on type 'PrismaClient<PrismaClientOptions, never, DefaultArgs>'.
src/app/api/topology/topology/route.ts(7,32): error TS2339: Property 'topologyNode' does not exist on type 'PrismaClient<PrismaClientOptions, never, DefaultArgs>'.
src/app/api/topology/topology/route.ts(8,32): error TS2339: Property 'topologyEdge' does not exist on type 'PrismaClient<PrismaClientOptions, never, DefaultArgs>'.
src/app/api/workflows/catalog/route.ts(21,34): error TS2339: Property 'operationalWorkflow' does not exist on type 'PrismaClient<PrismaClientOptions, never, DefaultArgs>'.
src/lib/api-governance/api-contract-engine.ts(5,19): error TS2339: Property 'apiContract' does not exist on type 'PrismaClient<PrismaClientOptions, never, DefaultArgs>'.
src/lib/api-governance/api-index.ts(5,19): error TS2339: Property 'apiIndex' does not exist on type 'PrismaClient<PrismaClientOptions, never, DefaultArgs>'.
src/lib/api-governance/api-ledger.ts(5,19): error TS2339: Property 'apiLedger' does not exist on type 'PrismaClient<PrismaClientOptions, never, DefaultArgs>'.
src/lib/api-governance/endpoint-engine.ts(5,19): error TS2339: Property 'apiEndpoint' does not exist on type 'PrismaClient<PrismaClientOptions, never, DefaultArgs>'.
src/lib/api-governance/enterprise-api-engine.ts(7,36): error TS2339: Property 'enterpriseApi' does not exist on type 'PrismaClient<PrismaClientOptions, never, DefaultArgs>'.
src/lib/api-governance/enterprise-api-engine.ts(8,40): error TS2339: Property 'integrationFlow' does not exist on type 'PrismaClient<PrismaClientOptions, never, DefaultArgs>'.
src/lib/api-governance/event-channel-engine.ts(5,19): error TS2339: Property 'eventChannel' does not exist on type 'PrismaClient<PrismaClientOptions, never, DefaultArgs>'.
src/lib/api-governance/integration-engine.ts(5,19): error TS2339: Property 'integrationFlow' does not exist on type 'PrismaClient<PrismaClientOptions, never, DefaultArgs>'.
src/lib/api-governance/message-contract-engine.ts(5,19): error TS2339: Property 'messageContract' does not exist on type 'PrismaClient<PrismaClientOptions, never, DefaultArgs>'.
src/lib/api-governance/policy-engine.ts(5,19): error TS2339: Property 'apiPolicy' does not exist on type 'PrismaClient<PrismaClientOptions, never, DefaultArgs>'.
src/lib/api-governance/schema-registry-engine.ts(5,19): error TS2339: Property 'schemaRegistry' does not exist on type 'PrismaClient<PrismaClientOptions, never, DefaultArgs>'.
src/lib/api-governance/subscription-engine.ts(5,19): error TS2551: Property 'apiSubscription' does not exist on type 'PrismaClient<PrismaClientOptions, never, DefaultArgs>'. Did you mean 'subscription'?
src/lib/api-governance/webhook-engine.ts(5,19): error TS2339: Property 'webhookEndpoint' does not exist on type 'PrismaClient<PrismaClientOptions, never, DefaultArgs>'.
src/lib/change/approval-engine.ts(8,35): error TS2339: Property 'changeApproval' does not exist on type 'PrismaClient<PrismaClientOptions, never, DefaultArgs>'.
src/lib/change/change-ledger.ts(4,23): error TS2551: Property 'operationalChange' does not exist on type 'PrismaClient<PrismaClientOptions, never, DefaultArgs>'. Did you mean 'operationalPlan'?
src/lib/change/enterprise-change-engine.ts(10,31): error TS2551: Property 'operationalChange' does not exist on type 'PrismaClient<PrismaClientOptions, never, DefaultArgs>'. Did you mean 'operationalPlan'?
src/lib/change/impact-analysis.ts(5,23): error TS2339: Property 'changeImpactAssessment' does not exist on type 'PrismaClient<PrismaClientOptions, never, DefaultArgs>'.
src/lib/cmdb/configuration-engine.ts(4,23): error TS2339: Property 'configurationItem' does not exist on type 'PrismaClient<PrismaClientOptions, never, DefaultArgs>'.
src/lib/cmdb/dependency-engine.ts(4,23): error TS2339: Property 'assetRelationship' does not exist on type 'PrismaClient<PrismaClientOptions, never, DefaultArgs>'.
src/lib/cmdb/enterprise-cmdb-engine.ts(4,23): error TS2339: Property 'configurationSnapshot' does not exist on type 'PrismaClient<PrismaClientOptions, never, DefaultArgs>'.
src/lib/cmdb/topology-engine.ts(4,23): error TS2339: Property 'serviceTopology' does not exist on type 'PrismaClient<PrismaClientOptions, never, DefaultArgs>'.
src/lib/data-governance/classification-engine.ts(5,19): error TS2339: Property 'dataClassification' does not exist on type 'PrismaClient<PrismaClientOptions, never, DefaultArgs>'.
src/lib/data-governance/enterprise-data-governance-engine.ts(7,38): error TS2339: Property 'enterpriseDataset' does not exist on type 'PrismaClient<PrismaClientOptions, never, DefaultArgs>'.
src/lib/data-governance/enterprise-data-governance-engine.ts(11,36): error TS2339: Property 'dataRetentionPolicy' does not exist on type 'PrismaClient<PrismaClientOptions, never, DefaultArgs>'.
src/lib/data-governance/lifecycle-engine.ts(5,19): error TS2339: Property 'dataLifecycle' does not exist on type 'PrismaClient<PrismaClientOptions, never, DefaultArgs>'.
src/lib/data-governance/lineage-engine.ts(5,19): error TS2339: Property 'dataLineage' does not exist on type 'PrismaClient<PrismaClientOptions, never, DefaultArgs>'.
src/lib/data-governance/master-data-engine.ts(5,19): error TS2339: Property 'masterDataEntity' does not exist on type 'PrismaClient<PrismaClientOptions, never, DefaultArgs>'.
src/lib/data-governance/metadata-engine.ts(5,19): error TS2339: Property 'enterpriseDataset' does not exist on type 'PrismaClient<PrismaClientOptions, never, DefaultArgs>'.
src/lib/data-governance/metadata-engine.ts(8,19): error TS2339: Property 'metadataCatalog' does not exist on type 'PrismaClient<PrismaClientOptions, never, DefaultArgs>'.
src/lib/data-governance/metadata-index.ts(5,19): error TS2339: Property 'metadataIndex' does not exist on type 'PrismaClient<PrismaClientOptions, never, DefaultArgs>'.
src/lib/data-governance/metadata-ledger.ts(5,19): error TS2339: Property 'metadataLedger' does not exist on type 'PrismaClient<PrismaClientOptions, never, DefaultArgs>'.
src/lib/data-governance/ownership-engine.ts(5,19): error TS2339: Property 'dataOwner' does not exist on type 'PrismaClient<PrismaClientOptions, never, DefaultArgs>'.
src/lib/data-governance/quality-engine.ts(5,19): error TS2339: Property 'dataQualityRule' does not exist on type 'PrismaClient<PrismaClientOptions, never, DefaultArgs>'.
src/lib/data-governance/reference-data-engine.ts(5,19): error TS2339: Property 'referenceDataEntity' does not exist on type 'PrismaClient<PrismaClientOptions, never, DefaultArgs>'.
src/lib/data-governance/retention-engine.ts(5,19): error TS2339: Property 'dataRetentionPolicy' does not exist on type 'PrismaClient<PrismaClientOptions, never, DefaultArgs>'.
src/lib/digital-twin/checkpoint-engine.ts(5,19): error TS2339: Property 'simulationCheckpoint' does not exist on type 'PrismaClient<PrismaClientOptions, never, DefaultArgs>'.
src/lib/digital-twin/digital-twin-health-engine.ts(5,19): error TS2339: Property 'twinHealth' does not exist on type 'PrismaClient<PrismaClientOptions, never, DefaultArgs>'.
src/lib/digital-twin/digital-twin-ledger.ts(5,19): error TS2339: Property 'digitalTwinLedger' does not exist on type 'PrismaClient<PrismaClientOptions, never, DefaultArgs>'.
src/lib/digital-twin/enterprise-digital-twin-engine.ts(8,39): error TS2551: Property 'twinSimulationExecution' does not exist on type 'PrismaClient<PrismaClientOptions, never, DefaultArgs>'. Did you mean 'simulationExecution'?
src/lib/digital-twin/enterprise-digital-twin-engine.ts(9,40): error TS2339: Property 'simulationScenario' does not exist on type 'PrismaClient<PrismaClientOptions, never, DefaultArgs>'.
src/lib/digital-twin/evidence-engine.ts(5,19): error TS2339: Property 'simulationEvidence' does not exist on type 'PrismaClient<PrismaClientOptions, never, DefaultArgs>'.
src/lib/digital-twin/failure-engine.ts(5,19): error TS2339: Property 'failureScenario' does not exist on type 'PrismaClient<PrismaClientOptions, never, DefaultArgs>'.
src/lib/digital-twin/impact-engine.ts(5,19): error TS2339: Property 'impactAssessment' does not exist on type 'PrismaClient<PrismaClientOptions, never, DefaultArgs>'.
src/lib/digital-twin/recovery-engine.ts(5,19): error TS2339: Property 'phase134RecoveryScenario' does not exist on type 'PrismaClient<PrismaClientOptions, never, DefaultArgs>'.
src/lib/digital-twin/replay-engine.ts(5,19): error TS2339: Property 'replaySession' does not exist on type 'PrismaClient<PrismaClientOptions, never, DefaultArgs>'.
src/lib/digital-twin/scenario-engine.ts(5,19): error TS2339: Property 'simulationScenario' does not exist on type 'PrismaClient<PrismaClientOptions, never, DefaultArgs>'.
src/lib/digital-twin/simulation-engine.ts(5,19): error TS2551: Property 'twinSimulationExecution' does not exist on type 'PrismaClient<PrismaClientOptions, never, DefaultArgs>'. Did you mean 'simulationExecution'?
src/lib/digital-twin/timeline-engine.ts(5,19): error TS2339: Property 'stateTransition' does not exist on type 'PrismaClient<PrismaClientOptions, never, DefaultArgs>'.
src/lib/digital-twin/twin-state-engine.ts(5,19): error TS2339: Property 'twinState' does not exist on type 'PrismaClient<PrismaClientOptions, never, DefaultArgs>'.
src/lib/digital-twin/validation-engine.ts(5,19): error TS2339: Property 'validationResult' does not exist on type 'PrismaClient<PrismaClientOptions, never, DefaultArgs>'.
src/lib/event-streaming/consumer-engine.ts(5,19): error TS2339: Property 'eventConsumer' does not exist on type 'PrismaClient<PrismaClientOptions, never, DefaultArgs>'.
src/lib/event-streaming/delivery-engine.ts(5,19): error TS2339: Property 'deliveryPolicy' does not exist on type 'PrismaClient<PrismaClientOptions, never, DefaultArgs>'.
src/lib/event-streaming/enterprise-event-engine.ts(7,34): error TS2339: Property 'eventTopic' does not exist on type 'PrismaClient<PrismaClientOptions, never, DefaultArgs>'.
src/lib/event-streaming/enterprise-event-engine.ts(8,34): error TS2339: Property 'eventQueue' does not exist on type 'PrismaClient<PrismaClientOptions, never, DefaultArgs>'.
src/lib/event-streaming/enterprise-event-engine.ts(9,35): error TS2339: Property 'eventStream' does not exist on type 'PrismaClient<PrismaClientOptions, never, DefaultArgs>'.
src/lib/event-streaming/enterprise-event-engine.ts(10,41): error TS2339: Property 'eventProducer' does not exist on type 'PrismaClient<PrismaClientOptions, never, DefaultArgs>'.
src/lib/event-streaming/enterprise-event-engine.ts(11,41): error TS2339: Property 'eventConsumer' does not exist on type 'PrismaClient<PrismaClientOptions, never, DefaultArgs>'.
src/lib/event-streaming/producer-engine.ts(5,19): error TS2339: Property 'eventProducer' does not exist on type 'PrismaClient<PrismaClientOptions, never, DefaultArgs>'.
src/lib/event-streaming/queue-engine.ts(5,19): error TS2339: Property 'eventQueue' does not exist on type 'PrismaClient<PrismaClientOptions, never, DefaultArgs>'.
src/lib/event-streaming/retry-engine.ts(5,19): error TS2339: Property 'retryPolicy' does not exist on type 'PrismaClient<PrismaClientOptions, never, DefaultArgs>'.
src/lib/event-streaming/routing-engine.ts(5,19): error TS2339: Property 'routingPolicy' does not exist on type 'PrismaClient<PrismaClientOptions, never, DefaultArgs>'.
src/lib/event-streaming/stream-engine.ts(5,19): error TS2339: Property 'eventStream' does not exist on type 'PrismaClient<PrismaClientOptions, never, DefaultArgs>'.
src/lib/event-streaming/stream-index.ts(5,19): error TS2339: Property 'streamingIndex' does not exist on type 'PrismaClient<PrismaClientOptions, never, DefaultArgs>'.
src/lib/event-streaming/streaming-ledger.ts(5,19): error TS2339: Property 'streamingLedger' does not exist on type 'PrismaClient<PrismaClientOptions, never, DefaultArgs>'.
src/lib/event-streaming/subscription-engine.ts(5,19): error TS2551: Property 'eventSubscription' does not exist on type 'PrismaClient<PrismaClientOptions, never, DefaultArgs>'. Did you mean 'subscription'?
src/lib/event-streaming/topic-engine.ts(5,19): error TS2339: Property 'eventTopic' does not exist on type 'PrismaClient<PrismaClientOptions, never, DefaultArgs>'.
src/lib/finops/budget-engine.ts(4,23): error TS2339: Property 'budgetPolicy' does not exist on type 'PrismaClient<PrismaClientOptions, never, DefaultArgs>'.
src/lib/finops/cost-engine.ts(4,23): error TS2339: Property 'cloudCostRecord' does not exist on type 'PrismaClient<PrismaClientOptions, never, DefaultArgs>'.
src/lib/finops/enterprise-finops-engine.ts(4,23): error TS2339: Property 'finOpsSnapshot' does not exist on type 'PrismaClient<PrismaClientOptions, never, DefaultArgs>'.
src/lib/finops/optimization-engine.ts(4,23): error TS2339: Property 'resourceOptimization' does not exist on type 'PrismaClient<PrismaClientOptions, never, DefaultArgs>'.
src/lib/identity/access-policy-engine.ts(5,19): error TS2339: Property 'accessPolicy' does not exist on type 'PrismaClient<PrismaClientOptions, never, DefaultArgs>'.
src/lib/identity/access-review-engine.ts(5,19): error TS2339: Property 'accessReview' does not exist on type 'PrismaClient<PrismaClientOptions, never, DefaultArgs>'.
src/lib/identity/approval-engine.ts(5,19): error TS2339: Property 'accessRequest' does not exist on type 'PrismaClient<PrismaClientOptions, never, DefaultArgs>'.
src/lib/identity/approval-engine.ts(15,19): error TS2339: Property 'approvalWorkflow' does not exist on type 'PrismaClient<PrismaClientOptions, never, DefaultArgs>'.
src/lib/identity/credential-engine.ts(5,19): error TS2339: Property 'apiCredential' does not exist on type 'PrismaClient<PrismaClientOptions, never, DefaultArgs>'.
src/lib/identity/emergency-access-engine.ts(5,19): error TS2339: Property 'emergencyAccess' does not exist on type 'PrismaClient<PrismaClientOptions, never, DefaultArgs>'.
src/lib/identity/enterprise-identity-engine.ts(5,19): error TS2339: Property 'enterpriseIdentity' does not exist on type 'PrismaClient<PrismaClientOptions, never, DefaultArgs>'.
src/lib/identity/enterprise-identity-engine.ts(17,19): error TS2339: Property 'enterpriseIdentity' does not exist on type 'PrismaClient<PrismaClientOptions, never, DefaultArgs>'.
src/lib/identity/identity-index.ts(6,14): error TS2339: Property 'enterpriseIdentity' does not exist on type 'PrismaClient<PrismaClientOptions, never, DefaultArgs>'.
src/lib/identity/identity-index.ts(7,14): error TS2551: Property 'enterpriseRole' does not exist on type 'PrismaClient<PrismaClientOptions, never, DefaultArgs>'. Did you mean 'enterpriseRelease'?
src/lib/identity/identity-index.ts(8,14): error TS2339: Property 'accessRequest' does not exist on type 'PrismaClient<PrismaClientOptions, never, DefaultArgs>'.
src/lib/identity/identity-index.ts(9,14): error TS2339: Property 'privilegedSession' does not exist on type 'PrismaClient<PrismaClientOptions, never, DefaultArgs>'.
src/lib/identity/identity-ledger.ts(5,19): error TS2339: Property 'identityLedger' does not exist on type 'PrismaClient<PrismaClientOptions, never, DefaultArgs>'.
src/lib/identity/identity-provider-engine.ts(5,19): error TS2339: Property 'identityProvider' does not exist on type 'PrismaClient<PrismaClientOptions, never, DefaultArgs>'.
src/lib/identity/identity-risk-engine.ts(5,19): error TS2339: Property 'identityRisk' does not exist on type 'PrismaClient<PrismaClientOptions, never, DefaultArgs>'.
src/lib/identity/permission-engine.ts(5,19): error TS2339: Property 'permission' does not exist on type 'PrismaClient<PrismaClientOptions, never, DefaultArgs>'.
src/lib/identity/privileged-access-engine.ts(5,19): error TS2339: Property 'privilegedSession' does not exist on type 'PrismaClient<PrismaClientOptions, never, DefaultArgs>'.
src/lib/identity/role-engine.ts(5,19): error TS2551: Property 'enterpriseRole' does not exist on type 'PrismaClient<PrismaClientOptions, never, DefaultArgs>'. Did you mean 'enterpriseRelease'?
src/lib/identity/role-engine.ts(15,19): error TS2551: Property 'enterpriseRole' does not exist on type 'PrismaClient<PrismaClientOptions, never, DefaultArgs>'. Did you mean 'enterpriseRelease'?
src/lib/identity/service-account-engine.ts(5,19): error TS2339: Property 'serviceAccount' does not exist on type 'PrismaClient<PrismaClientOptions, never, DefaultArgs>'.
src/lib/identity/sod-engine.ts(5,19): error TS2339: Property 'separationOfDutyRule' does not exist on type 'PrismaClient<PrismaClientOptions, never, DefaultArgs>'.
src/lib/incidents/incident-detection.ts(5,23): error TS2551: Property 'operationalIncident' does not exist on type 'PrismaClient<PrismaClientOptions, never, DefaultArgs>'. Did you mean 'operationalIntent'?
src/lib/incidents/incident-ledger.ts(5,23): error TS2551: Property 'operationalIncident' does not exist on type 'PrismaClient<PrismaClientOptions, never, DefaultArgs>'. Did you mean 'operationalIntent'?
src/lib/incidents/incident-timeline.ts(6,23): error TS2339: Property 'incidentTimelineEvent' does not exist on type 'PrismaClient<PrismaClientOptions, never, DefaultArgs>'.
src/lib/incidents/recovery-planning.ts(5,23): error TS2339: Property 'incidentRecoveryPlan' does not exist on type 'PrismaClient<PrismaClientOptions, never, DefaultArgs>'.
src/lib/incidents/root-cause-analysis.ts(5,23): error TS2339: Property 'rootCauseEvidence' does not exist on type 'PrismaClient<PrismaClientOptions, never, DefaultArgs>'.
src/lib/intelligence/business-impact-engine.ts(5,19): error TS2339: Property 'businessImpact' does not exist on type 'PrismaClient<PrismaClientOptions, never, DefaultArgs>'.
src/lib/intelligence/business-objective-engine.ts(5,19): error TS2339: Property 'businessObjective' does not exist on type 'PrismaClient<PrismaClientOptions, never, DefaultArgs>'.
src/lib/intelligence/correlation-engine.ts(5,19): error TS2551: Property 'operationalCorrelation' does not exist on type 'PrismaClient<PrismaClientOptions, never, DefaultArgs>'. Did you mean 'operationalCoordination'?
src/lib/intelligence/decision-engine.ts(5,19): error TS2339: Property 'decisionPackage' does not exist on type 'PrismaClient<PrismaClientOptions, never, DefaultArgs>'.
src/lib/intelligence/decision-ledger.ts(5,19): error TS2339: Property 'decisionLedger' does not exist on type 'PrismaClient<PrismaClientOptions, never, DefaultArgs>'.
src/lib/intelligence/enterprise-intelligence-engine.ts(8,36): error TS2551: Property 'operationalInsight' does not exist on type 'PrismaClient<PrismaClientOptions, never, DefaultArgs>'. Did you mean 'operationalIntent'?
src/lib/intelligence/enterprise-intelligence-engine.ts(9,38): error TS2339: Property 'decisionPackage' does not exist on type 'PrismaClient<PrismaClientOptions, never, DefaultArgs>'.
src/lib/intelligence/enterprise-intelligence-engine.ts(10,42): error TS2339: Property 'strategicInitiative' does not exist on type 'PrismaClient<PrismaClientOptions, never, DefaultArgs>'.
src/lib/intelligence/evidence-engine.ts(5,19): error TS2339: Property 'evidenceCorrelation' does not exist on type 'PrismaClient<PrismaClientOptions, never, DefaultArgs>'.
src/lib/intelligence/executive-briefing-engine.ts(5,19): error TS2339: Property 'executiveBriefing' does not exist on type 'PrismaClient<PrismaClientOptions, never, DefaultArgs>'.
src/lib/intelligence/executive-kpi-engine.ts(5,19): error TS2339: Property 'executiveKPI' does not exist on type 'PrismaClient<PrismaClientOptions, never, DefaultArgs>'.
src/lib/intelligence/health-engine.ts(5,19): error TS2339: Property 'enterpriseHealth' does not exist on type 'PrismaClient<PrismaClientOptions, never, DefaultArgs>'.
src/lib/intelligence/intelligence-index.ts(7,35): error TS2339: Property 'evidenceCorrelation' does not exist on type 'PrismaClient<PrismaClientOptions, never, DefaultArgs>'.
src/lib/intelligence/intelligence-index.ts(8,35): error TS2339: Property 'decisionPackage' does not exist on type 'PrismaClient<PrismaClientOptions, never, DefaultArgs>'.
src/lib/intelligence/operational-metrics-engine.ts(5,19): error TS2339: Property 'enterpriseMetric' does not exist on type 'PrismaClient<PrismaClientOptions, never, DefaultArgs>'.
src/lib/intelligence/scorecard-engine.ts(5,19): error TS2339: Property 'departmentScorecard' does not exist on type 'PrismaClient<PrismaClientOptions, never, DefaultArgs>'.
src/lib/intelligence/strategic-risk-engine.ts(5,19): error TS2339: Property 'strategicRisk' does not exist on type 'PrismaClient<PrismaClientOptions, never, DefaultArgs>'.
src/lib/intelligence/trend-engine.ts(5,19): error TS2551: Property 'operationalTrend' does not exist on type 'PrismaClient<PrismaClientOptions, never, DefaultArgs>'. Did you mean 'operationalIntent'?
src/lib/knowledge/architecture-decision-engine.ts(5,19): error TS2339: Property 'architectureDecision' does not exist on type 'PrismaClient<PrismaClientOptions, never, DefaultArgs>'.
src/lib/knowledge/decision-memory-engine.ts(5,19): error TS2339: Property 'decisionMemory' does not exist on type 'PrismaClient<PrismaClientOptions, never, DefaultArgs>'.
src/lib/knowledge/enterprise-knowledge-engine.ts(10,35): error TS2339: Property 'knowledgeReview' does not exist on type 'PrismaClient<PrismaClientOptions, never, DefaultArgs>'.
src/lib/knowledge/enterprise-knowledge-engine.ts(11,34): error TS2339: Property 'knowledgeGap' does not exist on type 'PrismaClient<PrismaClientOptions, never, DefaultArgs>'.
src/lib/knowledge/knowledge-engine.ts(5,19): error TS2339: Property 'knowledgeArticle' does not exist on type 'PrismaClient<PrismaClientOptions, never, DefaultArgs>'.
src/lib/knowledge/knowledge-engine.ts(8,19): error TS2339: Property 'knowledgeDomain' does not exist on type 'PrismaClient<PrismaClientOptions, never, DefaultArgs>'.
src/lib/knowledge/knowledge-engine.ts(11,19): error TS2339: Property 'knowledgeCategory' does not exist on type 'PrismaClient<PrismaClientOptions, never, DefaultArgs>'.
src/lib/knowledge/knowledge-evidence.ts(5,19): error TS2339: Property 'knowledgeEvidence' does not exist on type 'PrismaClient<PrismaClientOptions, never, DefaultArgs>'.
src/lib/knowledge/knowledge-gap-engine.ts(5,19): error TS2339: Property 'knowledgeGap' does not exist on type 'PrismaClient<PrismaClientOptions, never, DefaultArgs>'.
src/lib/knowledge/knowledge-graph-engine.ts(5,32): error TS2339: Property 'knowledgeGraphNode' does not exist on type 'PrismaClient<PrismaClientOptions, never, DefaultArgs>'.
src/lib/knowledge/knowledge-graph-engine.ts(6,32): error TS2339: Property 'knowledgeGraphEdge' does not exist on type 'PrismaClient<PrismaClientOptions, never, DefaultArgs>'.
src/lib/knowledge/knowledge-index.ts(5,19): error TS2339: Property 'knowledgeIndex' does not exist on type 'PrismaClient<PrismaClientOptions, never, DefaultArgs>'.
src/lib/knowledge/knowledge-ledger.ts(5,19): error TS2339: Property 'knowledgeLedger' does not exist on type 'PrismaClient<PrismaClientOptions, never, DefaultArgs>'.
src/lib/knowledge/knowledge-review-engine.ts(5,19): error TS2339: Property 'knowledgeReview' does not exist on type 'PrismaClient<PrismaClientOptions, never, DefaultArgs>'.
src/lib/knowledge/playbook-engine.ts(5,19): error TS2339: Property 'playbookKnowledge' does not exist on type 'PrismaClient<PrismaClientOptions, never, DefaultArgs>'.
src/lib/knowledge/relationship-engine.ts(5,19): error TS2339: Property 'knowledgeRelationship' does not exist on type 'PrismaClient<PrismaClientOptions, never, DefaultArgs>'.
src/lib/knowledge/runbook-engine.ts(5,19): error TS2339: Property 'runbookKnowledge' does not exist on type 'PrismaClient<PrismaClientOptions, never, DefaultArgs>'.
src/lib/observability/alert-engine.ts(5,19): error TS2339: Property 'telemetryAlert' does not exist on type 'PrismaClient<PrismaClientOptions, never, DefaultArgs>'.
src/lib/observability/correlation-engine.ts(5,19): error TS2339: Property 'telemetryCorrelation' does not exist on type 'PrismaClient<PrismaClientOptions, never, DefaultArgs>'.
src/lib/observability/correlation-engine.ts(10,17): error TS2339: Property 'telemetryCorrelation' does not exist on type 'PrismaClient<PrismaClientOptions, never, DefaultArgs>'.
src/lib/observability/diagnostics-engine.ts(5,19): error TS2339: Property 'diagnosticSession' does not exist on type 'PrismaClient<PrismaClientOptions, never, DefaultArgs>'.
src/lib/observability/enterprise-observability-engine.ts(7,35): error TS2339: Property 'telemetryMetric' does not exist on type 'PrismaClient<PrismaClientOptions, never, DefaultArgs>'.
src/lib/observability/enterprise-observability-engine.ts(8,32): error TS2339: Property 'telemetryLog' does not exist on type 'PrismaClient<PrismaClientOptions, never, DefaultArgs>'.
src/lib/observability/enterprise-observability-engine.ts(9,34): error TS2339: Property 'telemetryTrace' does not exist on type 'PrismaClient<PrismaClientOptions, never, DefaultArgs>'.
src/lib/observability/enterprise-observability-engine.ts(10,34): error TS2339: Property 'telemetryAlert' does not exist on type 'PrismaClient<PrismaClientOptions, never, DefaultArgs>'.
src/lib/observability/enterprise-observability-engine.ts(11,40): error TS2339: Property 'diagnosticSession' does not exist on type 'PrismaClient<PrismaClientOptions, never, DefaultArgs>'.
src/lib/observability/health-engine.ts(5,19): error TS2339: Property 'healthIndicator' does not exist on type 'PrismaClient<PrismaClientOptions, never, DefaultArgs>'.
src/lib/observability/logs-engine.ts(5,19): error TS2339: Property 'telemetryLog' does not exist on type 'PrismaClient<PrismaClientOptions, never, DefaultArgs>'.
src/lib/observability/metrics-engine.ts(5,19): error TS2339: Property 'telemetryMetric' does not exist on type 'PrismaClient<PrismaClientOptions, never, DefaultArgs>'.
src/lib/observability/observability-assessment-engine.ts(5,19): error TS2339: Property 'observabilityAssessment' does not exist on type 'PrismaClient<PrismaClientOptions, never, DefaultArgs>'.
src/lib/observability/operational-observability-engine.ts(4,23): error TS2339: Property 'observabilitySnapshot' does not exist on type 'PrismaClient<PrismaClientOptions, never, DefaultArgs>'.
src/lib/observability/telemetry-engine.ts(5,19): error TS2339: Property 'telemetrySource' does not exist on type 'PrismaClient<PrismaClientOptions, never, DefaultArgs>'.
src/lib/observability/telemetry-index.ts(5,19): error TS2339: Property 'telemetryIndex' does not exist on type 'PrismaClient<PrismaClientOptions, never, DefaultArgs>'.
src/lib/observability/telemetry-ledger.ts(5,19): error TS2339: Property 'telemetryLedger' does not exist on type 'PrismaClient<PrismaClientOptions, never, DefaultArgs>'.
src/lib/observability/traces-engine.ts(5,19): error TS2339: Property 'telemetryTrace' does not exist on type 'PrismaClient<PrismaClientOptions, never, DefaultArgs>'.
src/lib/orchestration/approval-engine.ts(5,19): error TS2339: Property 'executionApproval' does not exist on type 'PrismaClient<PrismaClientOptions, never, DefaultArgs>'.
src/lib/orchestration/checkpoint-engine.ts(5,19): error TS2339: Property 'executionCheckpoint' does not exist on type 'PrismaClient<PrismaClientOptions, never, DefaultArgs>'.
src/lib/orchestration/constraint-engine.ts(5,19): error TS2339: Property 'executionConstraint' does not exist on type 'PrismaClient<PrismaClientOptions, never, DefaultArgs>'.
src/lib/orchestration/dependency-engine.ts(5,19): error TS2339: Property 'taskDependency' does not exist on type 'PrismaClient<PrismaClientOptions, never, DefaultArgs>'.
src/lib/orchestration/enterprise-orchestrator.ts(6,38): error TS2551: Property 'executionPlan' does not exist on type 'PrismaClient<PrismaClientOptions, never, DefaultArgs>'. Did you mean 'executionReplay'?
src/lib/orchestration/enterprise-orchestrator.ts(7,38): error TS2339: Property 'pipelineExecution' does not exist on type 'PrismaClient<PrismaClientOptions, never, DefaultArgs>'.
src/lib/orchestration/enterprise-orchestrator.ts(8,34): error TS2551: Property 'executionTask' does not exist on type 'PrismaClient<PrismaClientOptions, never, DefaultArgs>'. Did you mean 'executionStage'?
src/lib/orchestration/execution-engine.ts(5,19): error TS2551: Property 'executionPlan' does not exist on type 'PrismaClient<PrismaClientOptions, never, DefaultArgs>'. Did you mean 'executionReplay'?
src/lib/orchestration/execution-health-engine.ts(5,19): error TS2339: Property 'executionMetrics' does not exist on type 'PrismaClient<PrismaClientOptions, never, DefaultArgs>'.
src/lib/orchestration/execution-ledger.ts(5,19): error TS2339: Property 'executionLedger' does not exist on type 'PrismaClient<PrismaClientOptions, never, DefaultArgs>'.
src/lib/orchestration/lock-engine.ts(5,19): error TS2339: Property 'executionLock' does not exist on type 'PrismaClient<PrismaClientOptions, never, DefaultArgs>'.
src/lib/orchestration/pipeline-engine.ts(5,19): error TS2339: Property 'executionPipeline' does not exist on type 'PrismaClient<PrismaClientOptions, never, DefaultArgs>'.
src/lib/orchestration/queue-engine.ts(5,19): error TS2339: Property 'executionQueue' does not exist on type 'PrismaClient<PrismaClientOptions, never, DefaultArgs>'.
src/lib/orchestration/replay-engine.ts(5,19): error TS2551: Property 'aopExecutionReplay' does not exist on type 'PrismaClient<PrismaClientOptions, never, DefaultArgs>'. Did you mean 'executionReplay'?
src/lib/orchestration/reservation-engine.ts(5,19): error TS2339: Property 'executionReservation' does not exist on type 'PrismaClient<PrismaClientOptions, never, DefaultArgs>'.
src/lib/orchestration/validation-engine.ts(5,19): error TS2339: Property 'executionValidation' does not exist on type 'PrismaClient<PrismaClientOptions, never, DefaultArgs>'.
src/lib/orchestration/workflow-engine.ts(5,19): error TS2339: Property 'orchestrationWorkflow' does not exist on type 'PrismaClient<PrismaClientOptions, never, DefaultArgs>'.
src/lib/planning/allocation-engine.ts(5,19): error TS2339: Property 'capacityAllocation' does not exist on type 'PrismaClient<PrismaClientOptions, never, DefaultArgs>'.
src/lib/planning/assessment-engine.ts(5,19): error TS2339: Property 'planningAssessment' does not exist on type 'PrismaClient<PrismaClientOptions, never, DefaultArgs>'.
src/lib/planning/capacity-engine.ts(5,19): error TS2339: Property 'enterpriseCapacity' does not exist on type 'PrismaClient<PrismaClientOptions, never, DefaultArgs>'.
src/lib/planning/constraint-engine.ts(5,19): error TS2339: Property 'capacityConstraint' does not exist on type 'PrismaClient<PrismaClientOptions, never, DefaultArgs>'.
src/lib/planning/demand-engine.ts(5,19): error TS2339: Property 'demandRequest' does not exist on type 'PrismaClient<PrismaClientOptions, never, DefaultArgs>'.
src/lib/planning/enterprise-capacity-engine.ts(6,35): error TS2339: Property 'demandRequest' does not exist on type 'PrismaClient<PrismaClientOptions, never, DefaultArgs>'.
src/lib/planning/enterprise-capacity-engine.ts(7,36): error TS2339: Property 'planningIndex' does not exist on type 'PrismaClient<PrismaClientOptions, never, DefaultArgs>'.
src/lib/planning/planning-evidence.ts(5,19): error TS2339: Property 'planningEvidence' does not exist on type 'PrismaClient<PrismaClientOptions, never, DefaultArgs>'.
src/lib/planning/planning-index.ts(5,19): error TS2339: Property 'planningIndex' does not exist on type 'PrismaClient<PrismaClientOptions, never, DefaultArgs>'.
src/lib/planning/planning-ledger.ts(5,19): error TS2339: Property 'planningLedger' does not exist on type 'PrismaClient<PrismaClientOptions, never, DefaultArgs>'.
src/lib/planning/reservation-engine.ts(5,19): error TS2339: Property 'capacityReservation' does not exist on type 'PrismaClient<PrismaClientOptions, never, DefaultArgs>'.
src/lib/planning/resource-engine.ts(5,19): error TS2339: Property 'capacityResource' does not exist on type 'PrismaClient<PrismaClientOptions, never, DefaultArgs>'.
src/lib/planning/scenario-engine.ts(5,19): error TS2339: Property 'planningScenario' does not exist on type 'PrismaClient<PrismaClientOptions, never, DefaultArgs>'.
src/lib/planning/utilization-engine.ts(5,19): error TS2339: Property 'capacityUtilization' does not exist on type 'PrismaClient<PrismaClientOptions, never, DefaultArgs>'.
src/lib/platform/platform-engine.ts(5,34): error TS2339: Property 'platformResource' does not exist on type 'PrismaClient<PrismaClientOptions, never, DefaultArgs>'.
src/lib/platform/policy-engine.ts(4,23): error TS2339: Property 'resourcePolicy' does not exist on type 'PrismaClient<PrismaClientOptions, never, DefaultArgs>'.
src/lib/platform/provisioning-engine.ts(4,23): error TS2339: Property 'provisioningRequest' does not exist on type 'PrismaClient<PrismaClientOptions, never, DefaultArgs>'.
src/lib/platform/provisioning-ledger.ts(4,23): error TS2339: Property 'provisioningRequest' does not exist on type 'PrismaClient<PrismaClientOptions, never, DefaultArgs>'.
src/lib/platform/resource-lifecycle.ts(4,23): error TS2339: Property 'platformResource' does not exist on type 'PrismaClient<PrismaClientOptions, never, DefaultArgs>'.
src/lib/platform/service-catalog.ts(4,23): error TS2339: Property 'serviceCatalog' does not exist on type 'PrismaClient<PrismaClientOptions, never, DefaultArgs>'.
src/lib/portfolio/assessment-engine.ts(5,19): error TS2339: Property 'portfolioAssessment' does not exist on type 'PrismaClient<PrismaClientOptions, never, DefaultArgs>'.
src/lib/portfolio/benefit-engine.ts(5,19): error TS2339: Property 'benefitRealization' does not exist on type 'PrismaClient<PrismaClientOptions, never, DefaultArgs>'.
src/lib/portfolio/dependency-engine.ts(5,19): error TS2339: Property 'initiativeDependency' does not exist on type 'PrismaClient<PrismaClientOptions, never, DefaultArgs>'.
src/lib/portfolio/enterprise-portfolio-engine.ts(6,37): error TS2339: Property 'portfolioIndex' does not exist on type 'PrismaClient<PrismaClientOptions, never, DefaultArgs>'.
src/lib/portfolio/enterprise-portfolio-engine.ts(7,36): error TS2339: Property 'transformationProgram' does not exist on type 'PrismaClient<PrismaClientOptions, never, DefaultArgs>'.
src/lib/portfolio/enterprise-portfolio-engine.ts(8,39): error TS2339: Property 'portfolioInitiative' does not exist on type 'PrismaClient<PrismaClientOptions, never, DefaultArgs>'.
src/lib/portfolio/initiative-engine.ts(5,19): error TS2339: Property 'portfolioInitiative' does not exist on type 'PrismaClient<PrismaClientOptions, never, DefaultArgs>'.
src/lib/portfolio/investment-engine.ts(5,19): error TS2339: Property 'investmentAllocation' does not exist on type 'PrismaClient<PrismaClientOptions, never, DefaultArgs>'.
src/lib/portfolio/portfolio-engine.ts(5,19): error TS2339: Property 'enterprisePortfolio' does not exist on type 'PrismaClient<PrismaClientOptions, never, DefaultArgs>'.
src/lib/portfolio/portfolio-evidence.ts(5,19): error TS2339: Property 'portfolioEvidence' does not exist on type 'PrismaClient<PrismaClientOptions, never, DefaultArgs>'.
src/lib/portfolio/portfolio-index.ts(5,19): error TS2339: Property 'portfolioIndex' does not exist on type 'PrismaClient<PrismaClientOptions, never, DefaultArgs>'.
src/lib/portfolio/portfolio-ledger.ts(5,19): error TS2339: Property 'portfolioLedger' does not exist on type 'PrismaClient<PrismaClientOptions, never, DefaultArgs>'.
src/lib/portfolio/program-engine.ts(5,19): error TS2339: Property 'transformationProgram' does not exist on type 'PrismaClient<PrismaClientOptions, never, DefaultArgs>'.
src/lib/portfolio/roadmap-engine.ts(5,19): error TS2339: Property 'executiveRoadmap' does not exist on type 'PrismaClient<PrismaClientOptions, never, DefaultArgs>'.
src/lib/portfolio/value-stream-engine.ts(5,19): error TS2339: Property 'valueStream' does not exist on type 'PrismaClient<PrismaClientOptions, never, DefaultArgs>'.
src/lib/release-governance/release-evidence.ts(5,55): error TS2353: Object literal may only specify known properties, and 'workspaceId' does not exist in type 'ReleaseEvidenceWhereInput'.
src/lib/releases/enterprise-release-engine.ts(13,7): error TS2353: Object literal may only specify known properties, and 'releaseType' does not exist in type 'Without<EnterpriseReleaseCreateInput, EnterpriseReleaseUncheckedCreateInput> & EnterpriseReleaseUncheckedCreateInput'.
src/lib/releases/release-package.ts(19,18): error TS2339: Property 'releasePackage' does not exist on type 'PrismaClient<PrismaClientOptions, never, DefaultArgs>'.
src/lib/releases/release-risk.ts(13,36): error TS2339: Property 'releaseRiskProfile' does not exist on type 'PrismaClient<PrismaClientOptions, never, DefaultArgs>'.
src/lib/releases/release-strategy.ts(9,16): error TS2339: Property 'releaseStrategy' does not exist on type 'PrismaClient<PrismaClientOptions, never, DefaultArgs>'.
src/lib/releases/release-window.ts(9,38): error TS2551: Property 'releaseWindow' does not exist on type 'PrismaClient<PrismaClientOptions, never, DefaultArgs>'. Did you mean 'releaseIndex'?
src/lib/reliability/enterprise-reliability-engine.ts(5,29): error TS2339: Property 'serviceLevelObjective' does not exist on type 'PrismaClient<PrismaClientOptions, never, DefaultArgs>'.
src/lib/reliability/error-budget.ts(4,23): error TS2339: Property 'errorBudgetLedger' does not exist on type 'PrismaClient<PrismaClientOptions, never, DefaultArgs>'.
src/lib/reliability/reliability-forecast.ts(4,23): error TS2551: Property 'reliabilityForecast' does not exist on type 'PrismaClient<PrismaClientOptions, never, DefaultArgs>'. Did you mean 'reliabilityTreaty'?
src/lib/reliability/reliability-ledger.ts(4,23): error TS2339: Property 'errorBudgetLedger' does not exist on type 'PrismaClient<PrismaClientOptions, never, DefaultArgs>'.
src/lib/reliability/sli-engine.ts(5,23): error TS2339: Property 'serviceLevelIndicator' does not exist on type 'PrismaClient<PrismaClientOptions, never, DefaultArgs>'.
src/lib/reliability/slo-engine.ts(4,23): error TS2339: Property 'serviceLevelObjective' does not exist on type 'PrismaClient<PrismaClientOptions, never, DefaultArgs>'.
src/lib/resilience/business-continuity-engine.ts(5,19): error TS2339: Property 'businessContinuityPlan' does not exist on type 'PrismaClient<PrismaClientOptions, never, DefaultArgs>'.
src/lib/resilience/business-impact-engine.ts(5,19): error TS2339: Property 'businessImpactAnalysis' does not exist on type 'PrismaClient<PrismaClientOptions, never, DefaultArgs>'.
src/lib/resilience/checkpoint-engine.ts(5,19): error TS2339: Property 'recoveryCheckpoint' does not exist on type 'PrismaClient<PrismaClientOptions, never, DefaultArgs>'.
src/lib/resilience/continuity-ledger.ts(5,19): error TS2339: Property 'continuityLedger' does not exist on type 'PrismaClient<PrismaClientOptions, never, DefaultArgs>'.
src/lib/resilience/dependency-engine.ts(5,19): error TS2339: Property 'recoveryDependency' does not exist on type 'PrismaClient<PrismaClientOptions, never, DefaultArgs>'.
src/lib/resilience/enterprise-resilience-engine.ts(6,41): error TS2339: Property 'recoveryPlan' does not exist on type 'PrismaClient<PrismaClientOptions, never, DefaultArgs>'.
src/lib/resilience/enterprise-resilience-engine.ts(7,38): error TS2339: Property 'resilienceIndex' does not exist on type 'PrismaClient<PrismaClientOptions, never, DefaultArgs>'.
src/lib/resilience/enterprise-resilience-engine.ts(8,37): error TS2339: Property 'recoveryReadiness' does not exist on type 'PrismaClient<PrismaClientOptions, never, DefaultArgs>'.
src/lib/resilience/exercise-engine.ts(5,19): error TS2339: Property 'recoveryExercise' does not exist on type 'PrismaClient<PrismaClientOptions, never, DefaultArgs>'.
src/lib/resilience/failback-engine.ts(5,19): error TS2339: Property 'failbackPlan' does not exist on type 'PrismaClient<PrismaClientOptions, never, DefaultArgs>'.
src/lib/resilience/failover-engine.ts(5,19): error TS2339: Property 'failoverExecution' does not exist on type 'PrismaClient<PrismaClientOptions, never, DefaultArgs>'.
src/lib/resilience/readiness-engine.ts(5,19): error TS2339: Property 'recoveryReadiness' does not exist on type 'PrismaClient<PrismaClientOptions, never, DefaultArgs>'.
src/lib/resilience/recovery-engine.ts(5,19): error TS2339: Property 'recoveryPlan' does not exist on type 'PrismaClient<PrismaClientOptions, never, DefaultArgs>'.
src/lib/resilience/recovery-engine.ts(15,19): error TS2551: Property 'phase134RecoveryExecution' does not exist on type 'PrismaClient<PrismaClientOptions, never, DefaultArgs>'. Did you mean 'recoveryExecution'?
src/lib/resilience/recovery-validation-engine.ts(5,19): error TS2339: Property 'recoveryValidation' does not exist on type 'PrismaClient<PrismaClientOptions, never, DefaultArgs>'.
src/lib/resilience/resilience-health-engine.ts(5,19): error TS2551: Property 'resilienceAssessment' does not exist on type 'PrismaClient<PrismaClientOptions, never, DefaultArgs>'. Did you mean 'releaseAssessment'?
src/lib/resilience/scenario-engine.ts(5,19): error TS2339: Property 'phase134RecoveryScenario' does not exist on type 'PrismaClient<PrismaClientOptions, never, DefaultArgs>'.
src/lib/security/compliance-engine.ts(4,23): error TS2339: Property 'complianceControl' does not exist on type 'PrismaClient<PrismaClientOptions, never, DefaultArgs>'.
src/lib/security/enterprise-security-engine.ts(4,23): error TS2339: Property 'securityAuditSnapshot' does not exist on type 'PrismaClient<PrismaClientOptions, never, DefaultArgs>'.
src/lib/security/finding-engine.ts(4,23): error TS2339: Property 'securityFinding' does not exist on type 'PrismaClient<PrismaClientOptions, never, DefaultArgs>'.
src/lib/security/policy-engine.ts(4,23): error TS2339: Property 'securityPolicy' does not exist on type 'PrismaClient<PrismaClientOptions, never, DefaultArgs>'.
src/lib/topology/application-engine.ts(5,19): error TS2339: Property 'applicationPortfolio' does not exist on type 'PrismaClient<PrismaClientOptions, never, DefaultArgs>'.
src/lib/topology/asset-engine.ts(5,19): error TS2551: Property 'enterpriseAsset' does not exist on type 'PrismaClient<PrismaClientOptions, never, DefaultArgs>'. Did you mean 'enterpriseRelease'?
src/lib/topology/blast-radius-engine.ts(5,19): error TS2339: Property 'blastRadiusAnalysis' does not exist on type 'PrismaClient<PrismaClientOptions, never, DefaultArgs>'.
src/lib/topology/cloud-resource-engine.ts(5,19): error TS2339: Property 'cloudAccount' does not exist on type 'PrismaClient<PrismaClientOptions, never, DefaultArgs>'.
src/lib/topology/dependency-engine.ts(5,19): error TS2339: Property 'serviceDependency' does not exist on type 'PrismaClient<PrismaClientOptions, never, DefaultArgs>'.
src/lib/topology/enterprise-topology-engine.ts(6,28): error TS2551: Property 'enterpriseAsset' does not exist on type 'PrismaClient<PrismaClientOptions, never, DefaultArgs>'. Did you mean 'enterpriseRelease'?
src/lib/topology/enterprise-topology-engine.ts(7,30): error TS2339: Property 'businessService' does not exist on type 'PrismaClient<PrismaClientOptions, never, DefaultArgs>'.
src/lib/topology/enterprise-topology-engine.ts(8,34): error TS2339: Property 'applicationPortfolio' does not exist on type 'PrismaClient<PrismaClientOptions, never, DefaultArgs>'.
src/lib/topology/enterprise-topology-engine.ts(9,35): error TS2339: Property 'microservice' does not exist on type 'PrismaClient<PrismaClientOptions, never, DefaultArgs>'.
src/lib/topology/enterprise-topology-engine.ts(10,40): error TS2339: Property 'serviceDependency' does not exist on type 'PrismaClient<PrismaClientOptions, never, DefaultArgs>'.
src/lib/topology/enterprise-topology-engine.ts(11,42): error TS2339: Property 'serviceDependency' does not exist on type 'PrismaClient<PrismaClientOptions, never, DefaultArgs>'.
src/lib/topology/enterprise-topology-engine.ts(12,36): error TS2339: Property 'cloudAccount' does not exist on type 'PrismaClient<PrismaClientOptions, never, DefaultArgs>'.
src/lib/topology/infrastructure-engine.ts(5,19): error TS2339: Property 'infrastructureResource' does not exist on type 'PrismaClient<PrismaClientOptions, never, DefaultArgs>'.
src/lib/topology/lineage-engine.ts(5,19): error TS2551: Property 'operationalLineage' does not exist on type 'PrismaClient<PrismaClientOptions, never, DefaultArgs>'. Did you mean 'organizationalLineage'?
src/lib/topology/network-engine.ts(5,19): error TS2339: Property 'networkZone' does not exist on type 'PrismaClient<PrismaClientOptions, never, DefaultArgs>'.
src/lib/topology/relationship-engine.ts(5,19): error TS2339: Property 'topologyEdge' does not exist on type 'PrismaClient<PrismaClientOptions, never, DefaultArgs>'.
src/lib/topology/service-map-engine.ts(5,19): error TS2339: Property 'businessService' does not exist on type 'PrismaClient<PrismaClientOptions, never, DefaultArgs>'.
src/lib/topology/topology-index.ts(5,32): error TS2339: Property 'topologyNode' does not exist on type 'PrismaClient<PrismaClientOptions, never, DefaultArgs>'.
src/lib/topology/topology-index.ts(6,32): error TS2339: Property 'topologyEdge' does not exist on type 'PrismaClient<PrismaClientOptions, never, DefaultArgs>'.
src/lib/topology/topology-ledger.ts(5,19): error TS2339: Property 'topologyLedger' does not exist on type 'PrismaClient<PrismaClientOptions, never, DefaultArgs>'.
src/lib/workflows/enterprise-workflow-engine.ts(13,23): error TS2551: Property 'operationalWorkflowExecution' does not exist on type 'PrismaClient<PrismaClientOptions, never, DefaultArgs>'. Did you mean 'operationalExecution'?
